// Jest Snapshot v1, https://goo.gl/fbAQLP

exports[`GuideArticleRepository Behavior should get about section 1`] = `
"<h1>Orthopedic Trauma Primary Care Guidelines</h1><h2>Mark Brancel, M.D.<br>
                2021 (Version 1)</h2><p>These guidelines are to be used in conjunction with good clinical judgment and an awareness of local practice standards.</p><p>We welcome your comments and suggestions, as well as any orders for print versions of this medical reference.</p><p>2263 Commonwealth Avenue</p><p>St. Paul, MN  55108  U.S.A.</p><p>MarkBrancelMD@gmail.com</p><p><a href="https://urldefense.com/v3/__http://brancelmedicalguides.com/__;!!GobTDDpD7A!e-q56EAwAlegq85qQpSNNR6_P6XZwbCezjb0WtVdvvwHb5ZpRG8F2SC6jw78dXWo$">http://brancelmedicalguides.com/</a></p><p>Content copyright © annually 1997-2021 Mark Brancel, M.D.</p><p>Go to the <a href="#TABLE_OF_CONTENTS">Table of Contents</a> or the <a href="#INDEX">Index</a></p><br><br>"
`;

exports[`GuideArticleRepository Behavior should get article by section id within article 1`] = `
"
<h3 class="clear">Upper-extremity fractures</h3>

<p><strong>Shoulder</strong> proximal humerus epiphysis fracture<a name="humerus_epiphysis_fracture"></a> (children) - sling &amp; swathe for 3-4 wks; <i>consult</i> if displaced.</p>
<p><strong>Shoulder</strong> proximal humerus fracture<a name="humerus_fracture"></a> (including surgical neck impaction and greater tuberosity fx) - sling or sling &amp; swathe for 1-6 weeks, with early ROM &amp; PT after confirming fx stability +/- radiologic union; <i>consult</i> if &gt;0.5-1 cm displacement, &gt;45 degrees angulation of any bone fragment, any rotation, intra-articular fx, any disruption of bicipital groove, comminuted or unstable fx, physis involved in children, neurovascular injury, or anatomic neck fx, or marked shoulder dysfunction at 2-3 wks.</p>
<p><strong>Humerus</strong> shaft fracture<a name="humerus_shaft_fracture"></a> - sling &amp; swath vs sugartong splint x 2-3 wks, then fx orthosis &amp; ROM x 6-10 wks; <i>consult</i> if varus/valgus angulation &gt;20 degrees, AP angulation &gt;20 degrees, rotation &gt;15 degrees, shortening &gt;2-3 cm, or displaced, unstable fx (i.e. oblique) for reduction +/-hanging cast.  R/O neurovascular injury.</p>
<p>Go to the <a href="#TABLE_OF_CONTENTS">Table of Contents</a> or the <a href="#INDEX">Index</a>.</p>
<p><strong>Elbow</strong> humerus epicondylar fracture<a name="humerus_epicondylar_fracture"></a> vs apophysitis (primarily children) - long arm cast for 2 weeks with elbow at 90 degrees, and for medial fx forearm pronated and wrist mildly flexed, and for lateral fx forearm supinated and wrist mildly extended; <i>consult</i> if displacement &gt;2-4mm (5-10 mm in children).</p>
<p><strong>Elbow</strong> humerus supracondylar/trans-condylar/condylar fracture<a name="condylar_fracture"></a> - long arm cast for 3-4 wks, then ROM &amp; protective splint for 3-12 more wks; <i>consult</i>, esp. if displaced &gt;2 mm, angulated, or intraarticular.</p>
<p>Go to the <a href="#TABLE_OF_CONTENTS">Table of Contents</a> or the <a href="#INDEX">Index</a>.</p>
<p><strong>Elbow</strong> osteochondritis dissecans<a name="Elbow_osteochondritis_dissecans"></a> - osteochondral fx from injury with subsequent bony sclerosis +/- loose body; rest vs casting x 4-6 wks; <i>consult</i> if persistent loose body affecting function.</p>
<p><strong>Elbow</strong> radial head or neck fracture<a name="radial_head_or_neck_fracture"></a> - sling (+/- initial posterior splint) x 2-3 weeks with early ROM (within 1 wk) if stable fx; <i>consult</i> if comminuted, displaced &gt;2-3 mm, depressed &gt;3 mm, &gt;1/3 radial head articular surface involvement, or neck &gt;25 degrees angulation (&gt;30-45 degrees in children).</p>
<p>Go to the <a href="#TABLE_OF_CONTENTS">Table of Contents</a> or the <a href="#INDEX">Index</a>.</p>
<p><strong>Elbow</strong> ulnar olecranon fracture<a name="olecranon_fracture"></a> - posterior 45 degrees splint x 2-3 weeks, then sling &amp; ROM x 2-3 weeks; consider weekly x-rays to verify continued stability; <i>consult</i> if displaced &gt;2 mm, comminuted, or unstable.</p>
<p><strong>Elbow</strong> ulnar coronoid fracture<a name="coronoid_fracture"></a> - long arm splint x 1-2 wks with early ROM; <i>consult</i> if displaced &gt;4 mm, &gt;50% coronoid fragment, or unstable.</p>
<p>Go to the <a href="#TABLE_OF_CONTENTS">Table of Contents</a> or the <a href="#INDEX">Index</a>.</p>
<p><strong>Radius/ulna shaft</strong> fracture<a name="ulna_shaft_fracture"></a> - short vs long arm cast depending on fx stability x 4-6 wks; <i>consult</i> if unstable (radius and ulna fxs at same level, comminuted, or spiral/oblique fxs not at same level), displaced with &lt;50% overlap, angulation &gt;10-15 degrees, or associated injury to elbow (Monteggia fx - ulna fx with radial head dislocation) or wrist (Galeazzi fx - radius fx with distal radioulnar joint disruption).</p>
<p><strong>Wrist</strong> extra-articular distal radius/ulna fracture with dorsal angulation<a name="radius/ulna_fracture_with_dorsal_angulation"></a> (Colle's)  - short arm cast x 4-6 wks,+/- 2 wks of splint and ROM (long arm cast required for reduced or unstable fx); <i>consult</i> if dorsal angulation &gt;10-15 degrees (&gt;15-20 degrees in children), radial tilt &gt;15 degrees, radial/ulnar joint incongruity &gt;2 mm, &gt;4-5 mm radial shortening, comminuted, or unstable fx.</p>
<p>Go to the <a href="#TABLE_OF_CONTENTS">Table of Contents</a> or the <a href="#INDEX">Index</a>.</p>
<p><strong>Wrist</strong> extra-articular distal radius/ulna fracture with volar angulation<a name="radius/ulna_fracture_with_volar_angulation"></a> (Smith's - reverse Colle's) - short vs long arm cast x 4-6 wks; <i>consult</i> if any volar angulation &gt;11 degrees normal, radial tilt &gt;15 degrees, radial/ ulnar joint incongruity &gt;2 mm, &gt;4-5 mm radial shortening, displaced, comminuted, or unstable fx.</p>
<p><strong>Wrist</strong> intra-articular distal radius/ulna fracture<a name="radius/ulna_fracture"></a> (see Colle's and Smith's fxs above) - short vs long arm cast depending on stability x 4-6 wks +/- 2 wks splint and ROM; <i>consult</i> if displaced or intra-articular step-off &gt;2 mm, and otherwise same criteria as for extra-articular fxs as above.</p>
<p>Go to the <a href="#TABLE_OF_CONTENTS">Table of Contents</a> or the <a href="#INDEX">Index</a>.</p>
<p><strong>Wrist</strong> navicular/scaphoid fracture<a name="scaphoid_fracture"></a> - if suspect &amp; negative x-rays, Rx as fx &amp; repeat x-rays in 1-2 wks, and if still suspect and neg. x-rays, consider thin cut CT or bone scan; short arm vs long arm thumb spica cast x 6-12 wks; consider <i>consult</i> as avascular necrosis risk if displaced &gt;1 mm, any angulation, oblique, waist, or proximal fx.</p>
<p><strong>Wrist</strong> lunate &amp; capitate fracture<a name="capitate_fracture"></a> - <i>consult</i> due to risk of osteonecrosis.</p>
<p>Go to the <a href="#TABLE_OF_CONTENTS">Table of Contents</a> or the <a href="#INDEX">Index</a>.</p>
<p><strong>Wrist</strong> hamate<a name="hamate"></a> (including hook), trapezium, trapezoid, triquetral &amp; pisiform fx ¬ñ short arm cast x 6 wks; consider CT &amp; <i>consult</i> if displaced or comminuted. (See Triquetral dorsal avulsion fx below)</p>
<p><strong>Wrist</strong> triquetral dorsal avulsion fracture<a name="triquetral_dorsal_avulsion_fracture"></a> - short arm cast x 4-6 wks; <i>consult</i> if protracted healing.</p>
<p>Go to the <a href="#TABLE_OF_CONTENTS">Table of Contents</a> or the <a href="#INDEX">Index</a>.</p>
<p><strong>Hand</strong> metacarpal base fracture<a name="metacarpal_base_fracture"></a> - short arm cast (that extends to PIP joint of digits) x 4-8 wks; <i>consult</i> if rotated, displaced, intra-articular, or unstable (esp. 1st &amp; 5th metacarpals).</p>
<p><strong>Hand</strong> metacarpal shaft fracture<a name="metacarpal_shaft_fracture"></a> - short arm cast (that extends to PIP joint, with MCP 60 degrees) x 2-6 wks +/- splint vs glove cast x 2-4 wks; <i>consult</i> if &gt;2-3 mm shortening or step-off, rotation with digital scissoring with MCP flexion, any angulation in 1st metacarpal, &gt;10 degrees angulation in 2nd and 3rd metacarpals, &gt;20 degrees angulation in 4th and 5th metacarpals, or if multiple or unstable fxs (i.e. oblique).</p>
<p>Go to the <a href="#TABLE_OF_CONTENTS">Table of Contents</a> or the <a href="#INDEX">Index</a>.</p>
<p><strong>Hand</strong> metacarpal neck fracture<a name="metacarpal_neck_fracture"></a> - short arm cast (that extends to PIP joint, with MCP 70-90 degrees) x 3-6 wks; <i>consult</i> if rotation, any angulation of 1st metacarpal, &gt;10-20 degrees angulation of 2nd and 3rd metacarpals, &gt;30-45 degrees of 4th and 5th metacarpals, (any dorsal angulation), or if multiple or unstable fxs.</p>
<p><strong>Hand</strong> metacarpal head fracture<a name="metacarpal_head_fracture"></a> - short arm cast (with MCP joints flexed that extends to include the affected digits) x 2-8 wks (early ROM when stable); <i>consult</i> if displaced, intra-articular with &gt;30% of joint surface, or unstable.</p>
<p>Go to the <a href="#TABLE_OF_CONTENTS">Table of Contents</a> or the <a href="#INDEX">Index</a>.</p>
<p><strong>Finger</strong> proximal phalanx base fracture<a name="Finger_proximal_phalanx_base_fracture"></a> ¬ñ buddy taping vs splint vs short arm cast (that extends to include the affected digits - thumb spica if thumb fx - see Thumb MCP collateral ligament injuries) x 4-8 wks, with ROM at 3-5 wks; <i>consult</i> if displaced &gt; 2 mm, &gt;30% of articular surface, or unstable.</p>
<p><strong>Finger</strong> proximal and middle phalanx shaft fracture<a name="Finger_proximal_and_middle_phalanx_shaft_fracture"></a> ¬ñ buddy taping vs splint vs short arm cast (that extends to include the affected digits) x 3-6 wks; <i>consult</i> if displaced, &gt;15 degrees (&gt;20-30 degrees in children) volar angulation, any dorsal angulation, any rotation, scissoring, or unstable.</p>
<p>Go to the <a href="#TABLE_OF_CONTENTS">Table of Contents</a> or the <a href="#INDEX">Index</a>.</p>
<p><strong>Finger</strong> PIP joint fracture<a name="Finger_PIP_joint_fracture"></a> - see <a href="#volar_plate_injuries">volar plate injuries</a>, <a href="#central_slip_injuries">central slip injuries</a>, and <a href="#Finger_PIP_and_DIP_joint_collateral_ligament_injury">Finger PIP and DIP joint collateral ligament injury</a> in <a href="#SOFT-TISSUE_INJURIES">SOFT-TISSUE INJURIES</a>; splint x 3-6 wks; <i>consult</i> if &gt;30% articular surface, displaced &gt;2 mm, or unstable.</p>
<p><strong>Finger</strong> DIP joint fracture<a name="Finger_DIP_joint_fracture"></a> - see Mallet finger <a href="#extensor_digitorum_tendon_avulsion_injury">extensor digitorum tendon avulsion injury</a>, <a href="#flexor_digitorum_profundus_avulsion_injury">flexor digitorum profundus avulsion injury</a>, and <a href="#Finger_PIP_and_DIP_joint_collateral_ligament_injury">Finger PIP and DIP joint collateral ligament injury</a> in <a href="#SOFT-TISSUE_INJURIES">SOFT-TISSUE INJURIES</a>; splint DIP joint x 3-6 wks; <i>consult</i> if &gt;30% articular surface, displaced &gt;2 mm, or unstable.</p>
<p><strong>Finger</strong> distal phalanx fracture<a name="Finger_distal_phalanx_fracture"></a> (including tuft fracture) - splint distal phalanx x 3-6 wks; <i>consult</i> if displaced, angulated, or unstable.</p>
"
`;

exports[`GuideArticleRepository Behavior should get index section 1`] = `"<a name="A"></a><h3 class="clear">A</h3><p><a href="#Achille's_tendon_rupture">Achille's tendon rupture</a></p><p><a href="#ACL">ACL</a> injury</p><p><a href="#Acromio-clavicular_(AC)_joint">Acromio-clavicular (AC) joint</a> injury</p><p>Ankle and <a href="#foot_dislocations">foot dislocations</a></p><p><a href="#Ankle_distal_fibula/lateral_malleolar_fracture">Ankle distal fibula/lateral malleolar fracture</a></p><p><a href="#Ankle_medial,_posterior,_bi-_&amp;_tri-malleolar_fracture">Ankle medial, posterior, bi- &amp; tri-malleolar fracture</a></p><p><a href="#Ankle_peroneal_retinaculum_tear">Ankle peroneal retinaculum tear</a></p><p><a href="#Ankle_sprain">Ankle sprain</a></p><p>Ankle <a href="#syndesmotic_ligament_injury">syndesmotic ligament injury</a></p><p>Ankle <a href="#talus_avulsion_or_osteochondral_dome_fracture">talus avulsion or osteochondral dome fracture</a></p><p>Ankle <a href="#talus_body_&amp;_neck_fracture">talus body &amp; neck fracture</a></p><p>Ankle <a href="#talus_head_fracture">talus head fracture</a></p><p>Ankle <a href="#talus_lateral_process_fracture">talus lateral process fracture</a></p><p>Ankle <a href="#talus_posterior_process">talus posterior process</a> fracture</p><p>Anterior cruciate ligament (<a href="#ACL">ACL</a>) injury</p><p>Go to the <a href="#TABLE_OF_CONTENTS">Table of Contents</a> or the <a href="#INDEX">Index</a> top.</p><a name="B"></a><h3 class="clear">B</h3><p><a href="#biceps_(long_head)_tendon_injury">biceps (long head) tendon injury</a></p><p><a href="#biceps_tendon_rupture">biceps tendon rupture</a></p><p>Go to the <a href="#TABLE_OF_CONTENTS">Table of Contents</a> or the <a href="#INDEX">Index</a> top.</p><a name="C"></a><h3 class="clear">C</h3><p><a href="#calcaneal_apophysitis">calcaneal apophysitis</a></p><p><a href="#calcaneus_fracture">calcaneus fracture</a></p><p>Calf medial <a href="#gastrocnemius_muscle_tear">gastrocnemius muscle tear</a></p><p><a href="#capitate_fracture">capitate fracture</a></p><p><a href="#central_slip_injuries">central slip injuries</a></p><p>Cervical spine <a href="#facet_dislocation">facet dislocation</a></p><p><a href="#CERVICAL_SPINE_INJURIES">CERVICAL SPINE INJURIES</a></p><p>Cervical spine <a href="#C1">C1</a> injuries</p><p>Cervical spine <a href="#C2">C2</a> injuries</p><p>Cervical spine <a href="#C2-C7">C2-C7</a> injuries</p><p>Cervical spine <a href="#Posterior_element_fracture">Posterior element fracture</a></p><p>Cervical spine <a href="#Spinous_process_fracture">Spinous process fracture</a></p><p>Cervical spine <a href="#Teardrop_fracture">Teardrop fracture</a></p><p>Cervical spine <a href="#vertebral_body_fracture">vertebral body fracture</a></p><p><a href="#chondromalacia_patella">chondromalacia patella</a></p><p>Chopart joint injury/Ankle and <a href="#foot_dislocations">foot dislocations</a></p><p>Go to the <a href="#TABLE_OF_CONTENTS">Table of Contents</a> or the <a href="#INDEX">Index</a> top.</p><p><a href="#C1">C1</a> injuries</p><p><a href="#C2">C2</a> injuries</p><p><a href="#C2-C7">C2-C7</a> injuries</p><p><a href="#Clavicle_fracture">Clavicle fracture</a></p><p><a href="#Coccyx_fracture">Coccyx fracture</a></p><p>Colle's wrist <a href="#radius/ulna_fracture_with_dorsal_angulation">radius/ulna fracture with dorsal angulation</a></p><p><a href="#coronoid_fracture">coronoid fracture</a></p><p><a href="#cuboid">cuboid</a> fracture</p><p><a href="#cuneiform">cuneiform</a> fracture</p><p>Go to the <a href="#TABLE_OF_CONTENTS">Table of Contents</a> or the <a href="#INDEX">Index</a> top.</p><a name="D"></a><h3 class="clear">D</h3><p>DIP joint fractures (see <a href="#Finger">Finger</a> or <a href="#Toe">Toe</a>)</p><p><a href="#DISLOCATIONS/SUBLUXATIONS">DISLOCATIONS/SUBLUXATIONS</a></p><p>Go to the <a href="#TABLE_OF_CONTENTS">Table of Contents</a> or the <a href="#INDEX">Index</a> top.</p><a name="E"></a><h3 class="clear">E</h3><p>Elbow <a href="#biceps_tendon_rupture">biceps tendon rupture</a></p><p>Elbow <a href="#epicondylitis">epicondylitis</a></p><p>Elbow <a href="#humerus_epicondylar_fracture">humerus epicondylar fracture</a></p><p>Elbow humerus supracondylar/trans-condylar/<a href="#condylar_fracture">condylar fracture</a></p><p><a href="#Elbow_osteochondritis_dissecans">Elbow osteochondritis dissecans</a></p><p>Elbow <a href="#radial_head_dislocation">radial head dislocation</a></p><p>Elbow <a href="#radial_head_or_neck_fracture">radial head or neck fracture</a></p><p>Elbow <a href="#radial_head_subluxation">radial head subluxation</a></p><p>Elbow <a href="#radial/ulnar">radial/ulnar</a> dislocation</p><p>Elbow ulnar <a href="#coronoid_fracture">coronoid fracture</a></p><p>Elbow ulnar <a href="#olecranon_fracture">olecranon fracture</a></p><p><a href="#epicondylitis">epicondylitis</a></p><p><a href="#extensor_digitorum_tendon_avulsion_injury">extensor digitorum tendon avulsion injury</a></p><p>Go to the <a href="#TABLE_OF_CONTENTS">Table of Contents</a> or the <a href="#INDEX">Index</a> top.</p><a name="F"></a><h3 class="clear">F</h3><p><a href="#facet_dislocation">facet dislocation</a></p><p>Femoral head/<a href="#Hip_dislocation">Hip dislocation</a></p><p><a href="#femoral">femoral</a>, proximal fractures</p><p><a href="#femur">femur</a> greater or lesser trochanteric avulsion fracture</p><p><a href="#Femur_shaft_fracture">Femur shaft fracture</a></p><p>femur <a href="#slipped_capital_epiphysis">slipped capital epiphysis</a></p><p><a href="#femur_supra-,_inter-,_&amp;_intracondylar_fracture">femur supra-, inter-, &amp; intracondylar fracture</a></p><p><a href="#fibula_fracture">fibula fracture</a>, proximal</p><p><a href="#Fibula_shaft_fracture">Fibula shaft fracture</a></p><p>Fifth <a href="#metatarsal_base/proximal_shaft_fracture">metatarsal base/proximal shaft fracture</a></p><p>Fifth <a href="#metatarsal_tuberosity_fracture">metatarsal tuberosity fracture</a></p><p>Go to the <a href="#TABLE_OF_CONTENTS">Table of Contents</a> or the <a href="#INDEX">Index</a> top.</p><p>Finger<a name="Finger"></a> DIP joint <a href="#extensor_digitorum_tendon_avulsion_injury">extensor digitorum tendon avulsion injury</a></p><p>Finger DIP joint <a href="#flexor_digitorum_profundus_avulsion_injury">flexor digitorum profundus avulsion injury</a></p><p><a href="#Finger_DIP_joint_fracture">Finger DIP joint fracture</a></p><p><a href="#Finger_distal_phalanx_fracture">Finger distal phalanx fracture</a></p><p>Finger <a href="#metacarpophalangeal_joint_dislocation">metacarpophalangeal joint dislocation</a></p><p><a href="#Finger_PIP_and_DIP_joint_collateral_ligament_injury">Finger PIP and DIP joint collateral ligament injury</a></p><p>Finger <a href="#PIP_and_DIP_joint_dislocation">PIP and DIP joint dislocation</a></p><p>Finger PIP joint <a href="#central_slip_injuries">central slip injuries</a></p><p><a href="#Finger_PIP_joint_fracture">Finger PIP joint fracture</a></p><p>Finger PIP joint <a href="#volar_plate_injuries">volar plate injuries</a></p><p><a href="#Finger_proximal_and_middle_phalanx_shaft_fracture">Finger proximal and middle phalanx shaft fracture</a></p><p><a href="#Finger_proximal_phalanx_base_fracture">Finger proximal phalanx base fracture</a></p><p><a href="#Finger_sprains">Finger sprains</a></p><p><a href="#flexor_digitorum_profundus_avulsion_injury">flexor digitorum profundus avulsion injury</a></p><p>Go to the <a href="#TABLE_OF_CONTENTS">Table of Contents</a> or the <a href="#INDEX">Index</a> top.</p><p>Foot <a href="#cuboid">cuboid</a> fracture</p><p>Foot <a href="#cuneiform">cuneiform</a> fracture</p><p><a href="#foot_dislocations">foot dislocations</a></p><p>Foot fifth <a href="#metatarsal_base/proximal_shaft_fracture">metatarsal base/proximal shaft fracture</a></p><p>Foot fifth <a href="#metatarsal_tuberosity_fracture">metatarsal tuberosity fracture</a></p><p>Foot <a href="#metatarsal_fracture">metatarsal fracture</a></p><p>Foot <a href="#navicular_fracture">navicular fracture</a></p><p>Forearm Radius/<a href="#ulna_shaft_fracture">ulna shaft fracture</a></p><p><a href="#FRACTURE_HEALING_TIMES">FRACTURE HEALING TIMES</a></p><p>Go to the <a href="#TABLE_OF_CONTENTS">Table of Contents</a> or the <a href="#INDEX">Index</a> top.</p><a name="G"></a><h3 class="clear">G</h3><p>Galeazzi fracture (see Radius/<a href="#ulna_shaft_fracture">ulna shaft fracture</a>)</p><p><a href="#gastrocnemius_muscle_tear">gastrocnemius muscle tear</a></p><p><a href="#glenohumeral">glenohumeral</a> joint dislocation</p><p>Growth plate fractures (<a href="#PHYSIS/GROWTH_PLATE_FRACTURES">PHYSIS/GROWTH PLATE FRACTURES</a>)</p><p>Go to the <a href="#TABLE_OF_CONTENTS">Table of Contents</a> or the <a href="#INDEX">Index</a> top.</p><a name="H"></a><h3 class="clear">H</h3><p><a href="#hamate">hamate</a> and other carpal bone fractures</p><p>Hand <a href="#metacarpal_base_fracture">metacarpal base fracture</a></p><p>Hand <a href="#metacarpal_head_fracture">metacarpal head fracture</a></p><p>Hand <a href="#metacarpal_neck_fracture">metacarpal neck fracture</a></p><p>Hand <a href="#metacarpal_shaft_fracture">metacarpal shaft fracture</a></p><p>Heel <a href="#calcaneal_apophysitis">calcaneal apophysitis</a></p><p>Heel <a href="#calcaneus_fracture">calcaneus fracture</a></p><p><a href="#Hip_dislocation">Hip dislocation</a></p><p>Hip <a href="#femoral">femoral</a>, proximal fractures</p><p>Go to the <a href="#TABLE_OF_CONTENTS">Table of Contents</a> or the <a href="#INDEX">Index</a> top.</p><p>Hip <a href="#femur">femur</a> greater or lesser trochanteric avulsion fracture</p><p>Hip femur <a href="#slipped_capital_epiphysis">slipped capital epiphysis</a></p><p><a href="#Hip_osteochondritis_dissecans">Hip osteochondritis dissecans</a></p><p><a href="#humerus_epicondylar_fracture">humerus epicondylar fracture</a></p><p><a href="#humerus_epiphysis_fracture">humerus epiphysis fracture</a>, proximal</p><p><a href="#humerus_fracture">humerus fracture</a>, proximal</p><p><a href="#humerus_shaft_fracture">humerus shaft fracture</a></p><p>humerus supracondylar/trans-condylar/<a href="#condylar_fracture">condylar fracture</a></p><p>Go to the <a href="#TABLE_OF_CONTENTS">Table of Contents</a> or the <a href="#INDEX">Index</a> top.</p><a name="I"></a><h3 class="clear">I</h3><p><a href="#iliac_crest_avulsion_fracture">iliac crest avulsion fracture</a></p><p><a href="#iliac_spine_avulsion_fracture">iliac spine avulsion fracture</a></p><p><a href="#iliotibial_band_syndrome">iliotibial band syndrome</a></p><p>Inflammatory conditions treated with <a href="#STEROID_INJECTIONS">STEROID INJECTIONS</a></p><p><a href="#INJURY_GUIDELINES">INJURY GUIDELINES</a></p><p><a href="#Ischial_tuberosity_avulsion_fracture">Ischial tuberosity avulsion fracture</a></p><p>Go to the <a href="#TABLE_OF_CONTENTS">Table of Contents</a> or the <a href="#INDEX">Index</a> top.</p><a name="J"></a><h3 class="clear">J</h3><p>Jersey finger <a href="#flexor_digitorum_profundus_avulsion_injury">flexor digitorum profundus avulsion injury</a></p><p>Jones <a href="#metatarsal_base/proximal_shaft_fracture">metatarsal base/proximal shaft fracture</a></p><p>Go to the <a href="#TABLE_OF_CONTENTS">Table of Contents</a> or the <a href="#INDEX">Index</a> top.</p><a name="K"></a><h3 class="clear">K</h3><p><a href="#Knee_dislocation">Knee dislocation</a></p><p>Knee <a href="#femur_supra-,_inter-,_&amp;_intracondylar_fracture">femur supra-, inter-, &amp; intracondylar fracture</a></p><p>Knee <a href="#fibula_fracture">fibula fracture</a>, proximal</p><p>Knee <a href="#iliotibial_band_syndrome">iliotibial band syndrome</a></p><p><a href="#Knee_ligament_injury">Knee ligament injury</a></p><p>Knee <a href="#meniscus_injury">meniscus injury</a></p><p>Go to the <a href="#TABLE_OF_CONTENTS">Table of Contents</a> or the <a href="#INDEX">Index</a> top.</p><p>Knee <a href="#Osgood-Schlatter_disease">Osgood-Schlatter disease</a></p><p><a href="#Knee_osteochondritis_dissecans">Knee osteochondritis dissecans</a></p><p>Knee <a href="#Patella_fracture">Patella fracture</a></p><p>Knee <a href="#patellofemoral_syndrome">patellofemoral syndrome</a></p><p>Knee <a href="#tibial_tubercle_avulsion_fracture">tibial tubercle avulsion fracture</a></p><p>Knee <a href="#tibia_plateau_or_eminence_fracture">tibia plateau or eminence fracture</a></p><p>Go to the <a href="#TABLE_OF_CONTENTS">Table of Contents</a> or the <a href="#INDEX">Index</a> top.</p><a name="L"></a><h3 class="clear">L</h3><p>Lateral collateral ligament (<a href="#LCL">LCL</a>) injury</p><p>Lateral <a href="#epicondylitis">epicondylitis</a></p><p><a href="#LCL">LCL</a> injury</p><p>Lisfranc joint injury/Ankle and <a href="#foot_dislocations">foot dislocations</a></p><p><a href="#LOWER-EXTREMITY_FRACTURES">LOWER-EXTREMITY FRACTURES</a></p><p>Lower leg <a href="#Fibula_shaft_fracture">Fibula shaft fracture</a></p><p>Lower leg <a href="#Tibia_shaft_fracture">Tibia shaft fracture</a></p><p><a href="#Lumbar_wedge_compression_fracture">Lumbar wedge compression fracture</a></p><p>lunate and <a href="#capitate_fracture">capitate fracture</a></p><p>Go to the <a href="#TABLE_OF_CONTENTS">Table of Contents</a> or the <a href="#INDEX">Index</a> top.</p><a name="M"></a><h3 class="clear">M</h3><p>Maisonneuve (see <a href="#Fibula_shaft_fracture">Fibula shaft fracture</a>)</p><p>Mallet finger <a href="#extensor_digitorum_tendon_avulsion_injury">extensor digitorum tendon avulsion injury</a></p><p><a href="#MCL">MCL</a> injury</p><p>MCP/<a href="#metacarpophalangeal_joint_dislocation">metacarpophalangeal joint dislocation</a></p><p>Medial collateral ligament (<a href="#MCL">MCL</a>) injury</p><p>Medial <a href="#epicondylitis">epicondylitis</a></p><p><a href="#meniscus_injury">meniscus injury</a></p><p><a href="#metacarpal_base_fracture">metacarpal base fracture</a></p><p><a href="#metacarpal_head_fracture">metacarpal head fracture</a></p><p><a href="#metacarpal_neck_fracture">metacarpal neck fracture</a></p><p><a href="#metacarpal_shaft_fracture">metacarpal shaft fracture</a></p><p><a href="#metacarpophalangeal_joint_dislocation">metacarpophalangeal joint dislocation</a></p><p><a href="#metatarsal_base/proximal_shaft_fracture">metatarsal base/proximal shaft fracture</a>, fifth</p><p><a href="#metatarsal_fracture">metatarsal fracture</a></p><p><a href="#metatarsal_tuberosity_fracture">metatarsal tuberosity fracture</a>, fifth</p><p><a href="#metatarsophalangeal_joint_dislocation">metatarsophalangeal joint dislocation</a></p><p>Monteggia fracture (see Radius/<a href="#ulna_shaft_fracture">ulna shaft fracture</a>)</p><p>Go to the <a href="#TABLE_OF_CONTENTS">Table of Contents</a> or the <a href="#INDEX">Index</a> top.</p><a name="N"></a><h3 class="clear">N</h3><p><a href="#navicular_fracture">navicular fracture</a>, foot</p><p>navicular/<a href="#scaphoid_fracture">scaphoid fracture</a>, wrist</p><p><a href="#Neck_and_back_sprain">Neck and back sprain</a></p><p>Neck injuries (<a href="#CERVICAL_SPINE_INJURIES">CERVICAL SPINE INJURIES</a>)</p><p>Neck <a href="#C1">C1</a> injuries</p><p>Neck <a href="#C2">C2</a> injuries</p><p>Neck <a href="#C2-C7">C2-C7</a> injuries</p><p>Nursemaide's elbow (<a href="#radial_head_subluxation">radial head subluxation</a>)</p><p>Go to the <a href="#TABLE_OF_CONTENTS">Table of Contents</a> or the <a href="#INDEX">Index</a> top.</p><a name="O"></a><h3 class="clear">O</h3><p><a href="#Occipital_condyle_fracture">Occipital condyle fracture</a></p><p><a href="#olecranon_fracture">olecranon fracture</a></p><p><a href="#ORTHOPEDIC_TRAUMA">Orthopedic Trauma For Primary Care</a></p><p><a href="#Osgood-Schlatter_disease">Osgood-Schlatter disease</a></p><p>Osteochondritis dissecans (see Elbow, Hip, Knee, &amp; Ankle)</p><p>Go to the <a href="#TABLE_OF_CONTENTS">Table of Contents</a> or the <a href="#INDEX">Index</a> top.</p><a name="P"></a><h3 class="clear">P</h3><p><a href="#Patella_dislocation">Patella dislocation</a></p><p><a href="#PELVIS_FRACTURES">PELVIS FRACTURES</a></p><p><a href="#Patella_fracture">Patella fracture</a></p><p>Patellar/<a href="#quadriceps_tendon_tear">quadriceps tendon tear</a></p><p><a href="#patellofemoral_syndrome">patellofemoral syndrome</a></p><p><a href="#PCL">PCL</a> injury</p><p><a href="#pectoralis_major">pectoralis major</a></p><p><a href="#Pelvis_fracture">Pelvis fracture</a></p><p><a href="#perilunate_injuries">perilunate injuries</a></p><p><a href="#Ankle_peroneal_retinaculum_tear">Peroneal retinaculum tear</a></p><p>Go to the <a href="#TABLE_OF_CONTENTS">Table of Contents</a> or the <a href="#INDEX">Index</a> top.</p><p>Peterson classes (<a href="#PHYSIS/GROWTH_PLATE_FRACTURES">PHYSIS/GROWTH PLATE FRACTURES</a>)</p><p>Phalanx fractures (see <a href="#Finger">Finger</a> or <a href="#Toe">Toe</a>)</p><p><a href="#PHYSIS/GROWTH_PLATE_FRACTURES">PHYSIS/GROWTH PLATE FRACTURES</a></p><p><a href="#PIP_and_DIP_joint_dislocation">PIP and DIP joint dislocation</a></p><p>PIP joint fractures (see <a href="#Finger">Finger</a> or <a href="#Toe">Toe</a>)</p><p><a href="#plantaris_tendon_rupture">plantaris tendon rupture</a></p><p>Posterior cruciate ligament (<a href="#PCL">PCL</a>) injury</p><p><a href="#Posterior_element_fracture">Posterior element fracture</a></p><p>Pseudo-Jones<a href="#metatarsal_tuberosity_fracture">metatarsal tuberosity fracture</a>, fifth</p><p>Go to the <a href="#TABLE_OF_CONTENTS">Table of Contents</a> or the <a href="#INDEX">Index</a> top.</p><a name="Q"></a><h3 class="clear">Q</h3><p><a href="#quadriceps_tendon_tear">quadriceps tendon tear</a></p><p>Go to the <a href="#TABLE_OF_CONTENTS">Table of Contents</a> or the <a href="#INDEX">Index</a> top.</p><a name="R"></a><h3 class="clear">R</h3><p><a href="#radial_head_dislocation">radial head dislocation</a></p><p><a href="#radial_head_or_neck_fracture">radial head or neck fracture</a></p><p><a href="#radial_head_subluxation">radial head subluxation</a></p><p><a href="#radial/ulnar">radial/ulnar</a> dislocation</p><p><a href="#radiocarpal_dislocation">radiocarpal dislocation</a></p><p><a href="#radius/ulna_fracture">radius/ulna fracture</a>, distal intra-articular</p><p><a href="#radius/ulna_fracture_with_dorsal_angulation">radius/ulna fracture with dorsal angulation</a></p><p><a href="#radius/ulna_fracture_with_volar_angulation">radius/ulna fracture with volar angulation</a></p><p>Radius/<a href="#ulna_shaft_fracture">ulna shaft fracture</a></p><p><a href="#Rib_fracture">Rib fracture</a></p><p>Go to the <a href="#TABLE_OF_CONTENTS">Table of Contents</a> or the <a href="#INDEX">Index</a> top.</p><a name="S"></a><h3 class="clear">S</h3><p><a href="#Sacrum_fracture">Sacrum fracture</a></p><p>Salter-Harris classes (<a href="#PHYSIS/GROWTH_PLATE_FRACTURES">PHYSIS/GROWTH PLATE FRACTURES</a>)</p><p><a href="#scaphoid_fracture">scaphoid fracture</a></p><p><a href="#Scapula_fracture">Scapula fracture</a></p><p><a href="#sesamoid_fracture">sesamoid fracture</a></p><p><a href="#Shoulder_injuries">Shoulder injuries</a></p><p>Shoulder <a href="#biceps_(long_head)_tendon_injury">biceps (long head) tendon injury</a></p><p>Shoulder <a href="#glenohumeral">glenohumeral</a> joint dislocation</p><p>Shoulder <a href="#pectoralis_major">pectoralis major</a> injury</p><p>Shoulder proximal <a href="#humerus_epiphysis_fracture">humerus epiphysis fracture</a></p><p>Shoulder proximal <a href="#humerus_fracture">humerus fracture</a></p><p>Go to the <a href="#TABLE_OF_CONTENTS">Table of Contents</a> or the <a href="#INDEX">Index</a> top.</p><p><a href="#Sinding-Larsen-Johansson_disease">Sinding-Larsen-Johansson disease</a></p><p><a href="#slipped_capital_epiphysis">slipped capital epiphysis</a>, femoral</p><p>Smith's wrist <a href="#radius/ulna_fracture_with_volar_angulation">radius/ulna fracture with volar angulation</a></p><p><a href="#SOFT-TISSUE_INJURIES">SOFT-TISSUE INJURIES</a></p><p>Spine fractures (<a href="#CERVICAL_SPINE_INJURIES">CERVICAL SPINE INJURIES</a> and <a href="#THORAX_AND_SPINE_FRACTURES">THORAX AND SPINE FRACTURES</a>)</p><p><a href="#Spinous_process_fracture">Spinous process fracture</a></p><p><a href="#Sterno-clavicular_joint">Sterno-clavicular joint</a> injury</p><p><a href="#Sternum_fracture">Sternum fracture</a></p><p><a href="#STEROID_INJECTIONS">STEROID INJECTIONS</a></p><p><a href="#syndesmotic_ligament_injury">syndesmotic ligament injury</a>, ankle</p><p>Go to the <a href="#TABLE_OF_CONTENTS">Table of Contents</a> or the <a href="#INDEX">Index</a> top.</p><a name="T"></a><h3 class="clear">T</h3><p><a href="#talus_avulsion_or_osteochondral_dome_fracture">talus avulsion or osteochondral dome fracture</a></p><p><a href="#talus_body_&amp;_neck_fracture">talus body &amp; neck fracture</a></p><p><a href="#talus_head_fracture">talus head fracture</a></p><p><a href="#talus_lateral_process_fracture">talus lateral process fracture</a></p><p><a href="#talus_posterior_process">talus posterior process</a> fracture</p><p><a href="#Teardrop_fracture">Teardrop fracture</a></p><p>Thoracic and <a href="#Lumbar_wedge_compression_fracture">Lumbar wedge compression fracture</a></p><p><a href="#THORAX_AND_SPINE_FRACTURES">THORAX AND SPINE FRACTURES</a></p><p>Thumb and <a href="#Finger_sprains">Finger sprains</a></p><p><a href="#Thumb_MCP_joint">Thumb MCP joint</a> injuries</p><p><a href="#tibial_tubercle_avulsion_fracture">tibial tubercle avulsion fracture</a></p><p><a href="#tibia_plateau_or_eminence_fracture">tibia plateau or eminence fracture</a></p><p><a href="#Tibia_shaft_fracture">Tibia shaft fracture</a></p><p>Go to the <a href="#TABLE_OF_CONTENTS">Table of Contents</a> or the <a href="#INDEX">Index</a> top.</p><p>Toe<a name="Toe"></a> injuries (see below)</p><p><a href="#Toe_distal_phalanx_fracture">Toe distal phalanx fracture</a></p><p>Toe <a href="#metatarsophalangeal_joint_dislocation">metatarsophalangeal joint dislocation</a></p><p><a href="#Toe_PIP_and_DIP_joint_collateral_ligament_injury">Toe PIP and DIP joint collateral ligament injury</a></p><p><a href="#Toe_PIP_and_DIP_joint_dislocation">Toe PIP and DIP joint dislocation</a></p><p><a href="#Toe_PIP_and_DIP_joint_fracture">Toe PIP and DIP joint fracture</a></p><p><a href="#Toe_proximal_and_middle_phalanx_shaft_fracture">Toe proximal and middle phalanx shaft fracture </a></p><p><a href="#Toe_proximal_phalanx_base_fracture">Toe proximal phalanx base fracture </a></p><p>Toe <a href="#sesamoid_fracture">sesamoid fracture</a></p><p><a href="#triquetral_dorsal_avulsion_fracture">triquetral dorsal avulsion fracture</a></p><p>Go to the <a href="#TABLE_OF_CONTENTS">Table of Contents</a> or the <a href="#INDEX">Index</a> top.</p><a name="U"></a><h3 class="clear">U</h3><p>ulnar <a href="#coronoid_fracture">coronoid fracture</a></p><p>ulnar <a href="#olecranon_fracture">olecranon fracture</a></p><p><a href="#ulnar_translocation_of_carpals">ulnar translocation of carpals</a></p><p><a href="#ulna_shaft_fracture">ulna shaft fracture</a></p><p>Upper arm <a href="#humerus_shaft_fracture">humerus shaft fracture</a></p><p><a href="#UPPER-EXTREMITY_FRACTURES">UPPER-EXTREMITY FRACTURES</a></p><p>Go to the <a href="#TABLE_OF_CONTENTS">Table of Contents</a> or the <a href="#INDEX">Index</a> top.</p><a name="V"></a><h3 class="clear">V</h3><p><a href="#vertebral_body_fracture">vertebral body fracture</a></p><p>Vertebral fractures (see <a href="#CERVICAL_SPINE_INJURIES">CERVICAL SPINE INJURIES</a> and <a href="#THORAX_AND_SPINE_FRACTURES">THORAX AND SPINE FRACTURES</a>)</p><p><a href="#volar_plate_injuries">volar plate injuries</a></p><p>Go to the <a href="#TABLE_OF_CONTENTS">Table of Contents</a> or the <a href="#INDEX">Index</a> top.</p><a name="W"></a><h3 class="clear">W</h3><p>Wrist<a name="Wrist"></a> injuries (see below)</p><p>Wrist extra-articular distal <a href="#radius/ulna_fracture_with_dorsal_angulation">radius/ulna fracture with dorsal angulation</a></p><p>Wrist extra-articular distal <a href="#radius/ulna_fracture_with_volar_angulation">radius/ulna fracture with volar angulation</a></p><p>Wrist <a href="#hamate">hamate</a> and other carpal bone fractures</p><p>Wrist intra-articular distal <a href="#radius/ulna_fracture">radius/ulna fracture</a></p><p>Wrist lunate and <a href="#capitate_fracture">capitate fracture</a></p><p>Wrist navicular/<a href="#scaphoid_fracture">scaphoid fracture</a></p><p>Wrist <a href="#perilunate_injuries">perilunate injuries</a></p><p>Wrist <a href="#radiocarpal_dislocation">radiocarpal dislocation</a></p><p><a href="#Wrist_sprain">Wrist sprain</a></p><p>Wrist <a href="#triquetral_dorsal_avulsion_fracture">triquetral dorsal avulsion fracture</a></p><p>Wrist <a href="#ulnar_translocation_of_carpals">ulnar translocation of carpals</a></p><p>Go to the <a href="#TABLE_OF_CONTENTS">Table of Contents</a> or the <a href="#INDEX">Index</a> top.</p><a name="X"></a><h3 class="clear">X</h3><p><em>No ‘X’ items are indexed in this version.</em></p><a name="Y"></a><h3 class="clear">Y</h3><p><em>No ‘Y’ items are indexed in this version.</em></p><a name="Z"></a><h3 class="clear">Z</h3><p><em>No ‘Z’ items are indexed in this version.</em></p><p>Go to the <a href="#TABLE_OF_CONTENTS">Table of Contents</a> or the <a href="#INDEX">Index</a>.</p>"`;

exports[`GuideArticleRepository Behavior should get usage instructions section 1`] = `
"<h2>Guideline Navigation Instructions</h2><p>These are basic instructions on how to get around in any of the Brancel medical guides.</p><ol>
<li>Each guideline has a <strong><a href="#TABLE_OF_CONTENTS">Table of Contents</a></strong> located at the <strong>top</strong> of the document, just below the introductory comments for each guideline. Each item within the Table of Contents is linked to its subject matter so that you need only touch or mouse click the item and you will be taken to that subject matter. </li>
<li>Each guideline also has an <strong><a href="#INDEX">Index</a></strong> located at the <strong>bottom</strong> of the document just above where these instructions are located. The Index begins with a letter index table so that you need only touch or mouse click on the letter, and you will be taken to that letter within the Index. Once within a given letter in the Index, you can scroll up or down to find your subject matter. </li>
<li>Set throughout the guideline are the following statements and links, which allow you at any time to go to the Table of Contents or Index:
"Go to the <a href="#TABLE_OF_CONTENTS">Table of Contents</a> or the <a href="#INDEX">Index</a>."</li>
<li>On <strong>smartphones</strong> you will get a <strong>larger font</strong> and <strong>horizontal expansion of tables</strong> by <strong>turning the phone sideways</strong>, which may at times be helpful. </li>
<li>After reading these instructions, should you have difficulty navigating through these guidelines, please contact Dr. Brancel at markbrancelmd@gmail.com . </li>
</ol><p>Go to the <a href="#TABLE_OF_CONTENTS">Table of Contents</a> or the <a href="#INDEX">Index</a>.</p><p>

</p>"
`;
